Archive member included to satisfy reference by file (symbol)

c:/program files (x86)/atmel/studio/7.0/toolchain/avr8/avr8-gnu-toolchain/bin/../lib/gcc/avr/5.4.0/../../../../avr/lib/avr51\libm.a(addsf3.o)
                              Apl/floatToString.o (__subsf3)
c:/program files (x86)/atmel/studio/7.0/toolchain/avr8/avr8-gnu-toolchain/bin/../lib/gcc/avr/5.4.0/../../../../avr/lib/avr51\libm.a(addsf3x.o)
                              c:/program files (x86)/atmel/studio/7.0/toolchain/avr8/avr8-gnu-toolchain/bin/../lib/gcc/avr/5.4.0/../../../../avr/lib/avr51\libm.a(addsf3.o) (__addsf3x)
c:/program files (x86)/atmel/studio/7.0/toolchain/avr8/avr8-gnu-toolchain/bin/../lib/gcc/avr/5.4.0/../../../../avr/lib/avr51\libm.a(fixsfsi.o)
                              Apl/floatToString.o (__fixsfsi)
c:/program files (x86)/atmel/studio/7.0/toolchain/avr8/avr8-gnu-toolchain/bin/../lib/gcc/avr/5.4.0/../../../../avr/lib/avr51\libm.a(fixunssfsi.o)
                              c:/program files (x86)/atmel/studio/7.0/toolchain/avr8/avr8-gnu-toolchain/bin/../lib/gcc/avr/5.4.0/../../../../avr/lib/avr51\libm.a(fixsfsi.o) (__fixunssfsi)
c:/program files (x86)/atmel/studio/7.0/toolchain/avr8/avr8-gnu-toolchain/bin/../lib/gcc/avr/5.4.0/../../../../avr/lib/avr51\libm.a(floatsisf.o)
                              Apl/floatToString.o (__floatunsisf)
c:/program files (x86)/atmel/studio/7.0/toolchain/avr8/avr8-gnu-toolchain/bin/../lib/gcc/avr/5.4.0/../../../../avr/lib/avr51\libm.a(fp_inf.o)
                              c:/program files (x86)/atmel/studio/7.0/toolchain/avr8/avr8-gnu-toolchain/bin/../lib/gcc/avr/5.4.0/../../../../avr/lib/avr51\libm.a(addsf3x.o) (__fp_inf)
c:/program files (x86)/atmel/studio/7.0/toolchain/avr8/avr8-gnu-toolchain/bin/../lib/gcc/avr/5.4.0/../../../../avr/lib/avr51\libm.a(fp_nan.o)
                              c:/program files (x86)/atmel/studio/7.0/toolchain/avr8/avr8-gnu-toolchain/bin/../lib/gcc/avr/5.4.0/../../../../avr/lib/avr51\libm.a(addsf3x.o) (__fp_nan)
c:/program files (x86)/atmel/studio/7.0/toolchain/avr8/avr8-gnu-toolchain/bin/../lib/gcc/avr/5.4.0/../../../../avr/lib/avr51\libm.a(fp_pscA.o)
                              c:/program files (x86)/atmel/studio/7.0/toolchain/avr8/avr8-gnu-toolchain/bin/../lib/gcc/avr/5.4.0/../../../../avr/lib/avr51\libm.a(addsf3x.o) (__fp_pscA)
c:/program files (x86)/atmel/studio/7.0/toolchain/avr8/avr8-gnu-toolchain/bin/../lib/gcc/avr/5.4.0/../../../../avr/lib/avr51\libm.a(fp_pscB.o)
                              c:/program files (x86)/atmel/studio/7.0/toolchain/avr8/avr8-gnu-toolchain/bin/../lib/gcc/avr/5.4.0/../../../../avr/lib/avr51\libm.a(addsf3x.o) (__fp_pscB)
c:/program files (x86)/atmel/studio/7.0/toolchain/avr8/avr8-gnu-toolchain/bin/../lib/gcc/avr/5.4.0/../../../../avr/lib/avr51\libm.a(fp_round.o)
                              c:/program files (x86)/atmel/studio/7.0/toolchain/avr8/avr8-gnu-toolchain/bin/../lib/gcc/avr/5.4.0/../../../../avr/lib/avr51\libm.a(addsf3.o) (__fp_round)
c:/program files (x86)/atmel/studio/7.0/toolchain/avr8/avr8-gnu-toolchain/bin/../lib/gcc/avr/5.4.0/../../../../avr/lib/avr51\libm.a(fp_split3.o)
                              c:/program files (x86)/atmel/studio/7.0/toolchain/avr8/avr8-gnu-toolchain/bin/../lib/gcc/avr/5.4.0/../../../../avr/lib/avr51\libm.a(addsf3x.o) (__fp_split3)
c:/program files (x86)/atmel/studio/7.0/toolchain/avr8/avr8-gnu-toolchain/bin/../lib/gcc/avr/5.4.0/../../../../avr/lib/avr51\libm.a(fp_zero.o)
                              c:/program files (x86)/atmel/studio/7.0/toolchain/avr8/avr8-gnu-toolchain/bin/../lib/gcc/avr/5.4.0/../../../../avr/lib/avr51\libm.a(addsf3x.o) (__fp_zero)
c:/program files (x86)/atmel/studio/7.0/toolchain/avr8/avr8-gnu-toolchain/bin/../lib/gcc/avr/5.4.0/../../../../avr/lib/avr51\libm.a(mulsf3.o)
                              Apl/floatToString.o (__mulsf3)
c:/program files (x86)/atmel/studio/7.0/toolchain/avr8/avr8-gnu-toolchain/bin/../lib/gcc/avr/5.4.0/../../../../avr/lib/avr51\libm.a(mulsf3x.o)
                              c:/program files (x86)/atmel/studio/7.0/toolchain/avr8/avr8-gnu-toolchain/bin/../lib/gcc/avr/5.4.0/../../../../avr/lib/avr51\libm.a(mulsf3.o) (__mulsf3x)
c:/program files (x86)/atmel/studio/7.0/toolchain/avr8/avr8-gnu-toolchain/bin/../lib/gcc/avr/5.4.0/../../../../avr/lib/avr51\libm.a(pow.o)
                              Apl/floatToString.o (pow)
c:/program files (x86)/atmel/studio/7.0/toolchain/avr8/avr8-gnu-toolchain/bin/../lib/gcc/avr/5.4.0/../../../../avr/lib/avr51\libm.a(exp.o)
                              c:/program files (x86)/atmel/studio/7.0/toolchain/avr8/avr8-gnu-toolchain/bin/../lib/gcc/avr/5.4.0/../../../../avr/lib/avr51\libm.a(pow.o) (exp)
c:/program files (x86)/atmel/studio/7.0/toolchain/avr8/avr8-gnu-toolchain/bin/../lib/gcc/avr/5.4.0/../../../../avr/lib/avr51\libm.a(fp_powser.o)
                              c:/program files (x86)/atmel/studio/7.0/toolchain/avr8/avr8-gnu-toolchain/bin/../lib/gcc/avr/5.4.0/../../../../avr/lib/avr51\libm.a(exp.o) (__fp_powser)
c:/program files (x86)/atmel/studio/7.0/toolchain/avr8/avr8-gnu-toolchain/bin/../lib/gcc/avr/5.4.0/../../../../avr/lib/avr51\libm.a(inverse.o)
                              c:/program files (x86)/atmel/studio/7.0/toolchain/avr8/avr8-gnu-toolchain/bin/../lib/gcc/avr/5.4.0/../../../../avr/lib/avr51\libm.a(exp.o) (inverse)
c:/program files (x86)/atmel/studio/7.0/toolchain/avr8/avr8-gnu-toolchain/bin/../lib/gcc/avr/5.4.0/../../../../avr/lib/avr51\libm.a(ldexp.o)
                              c:/program files (x86)/atmel/studio/7.0/toolchain/avr8/avr8-gnu-toolchain/bin/../lib/gcc/avr/5.4.0/../../../../avr/lib/avr51\libm.a(exp.o) (ldexp)
c:/program files (x86)/atmel/studio/7.0/toolchain/avr8/avr8-gnu-toolchain/bin/../lib/gcc/avr/5.4.0/../../../../avr/lib/avr51\libm.a(log.o)
                              c:/program files (x86)/atmel/studio/7.0/toolchain/avr8/avr8-gnu-toolchain/bin/../lib/gcc/avr/5.4.0/../../../../avr/lib/avr51\libm.a(pow.o) (log)
c:/program files (x86)/atmel/studio/7.0/toolchain/avr8/avr8-gnu-toolchain/bin/../lib/gcc/avr/5.4.0/../../../../avr/lib/avr51\libm.a(modf.o)
                              c:/program files (x86)/atmel/studio/7.0/toolchain/avr8/avr8-gnu-toolchain/bin/../lib/gcc/avr/5.4.0/../../../../avr/lib/avr51\libm.a(exp.o) (modf)
c:/program files (x86)/atmel/studio/7.0/toolchain/avr8/avr8-gnu-toolchain/bin/../lib/gcc/avr/5.4.0/../../../../avr/lib/avr51\libm.a(divsf3.o)
                              c:/program files (x86)/atmel/studio/7.0/toolchain/avr8/avr8-gnu-toolchain/bin/../lib/gcc/avr/5.4.0/../../../../avr/lib/avr51\libm.a(inverse.o) (__divsf3)
c:/program files (x86)/atmel/studio/7.0/toolchain/avr8/avr8-gnu-toolchain/bin/../lib/gcc/avr/5.4.0/../../../../avr/lib/avr51\libm.a(divsf3x.o)
                              c:/program files (x86)/atmel/studio/7.0/toolchain/avr8/avr8-gnu-toolchain/bin/../lib/gcc/avr/5.4.0/../../../../avr/lib/avr51\libm.a(divsf3.o) (__divsf3x)
c:/program files (x86)/atmel/studio/7.0/toolchain/avr8/avr8-gnu-toolchain/bin/../lib/gcc/avr/5.4.0/../../../../avr/lib/avr51\libm.a(fp_mpack.o)
                              c:/program files (x86)/atmel/studio/7.0/toolchain/avr8/avr8-gnu-toolchain/bin/../lib/gcc/avr/5.4.0/../../../../avr/lib/avr51\libm.a(ldexp.o) (__fp_mpack)
c:/program files (x86)/atmel/studio/7.0/toolchain/avr8/avr8-gnu-toolchain/bin/../lib/gcc/avr/5.4.0/avr51\libgcc.a(_udivmodsi4.o)
                              MCAL/i2c.o (__udivmodsi4)
c:/program files (x86)/atmel/studio/7.0/toolchain/avr8/avr8-gnu-toolchain/bin/../lib/gcc/avr/5.4.0/avr51\libgcc.a(_divmodsi4.o)
                              Apl/floatToString.o (__divmodsi4)
c:/program files (x86)/atmel/studio/7.0/toolchain/avr8/avr8-gnu-toolchain/bin/../lib/gcc/avr/5.4.0/avr51\libgcc.a(_negsi2.o)
                              c:/program files (x86)/atmel/studio/7.0/toolchain/avr8/avr8-gnu-toolchain/bin/../lib/gcc/avr/5.4.0/avr51\libgcc.a(_divmodsi4.o) (__negsi2)
c:/program files (x86)/atmel/studio/7.0/toolchain/avr8/avr8-gnu-toolchain/bin/../lib/gcc/avr/5.4.0/avr51\libgcc.a(_exit.o)
                              C:/Program Files (x86)/Atmel/Studio/7.0/Packs/atmel/ATmega_DFP/1.7.374/gcc/dev/atmega128/avr51/crtatmega128.o (exit)
c:/program files (x86)/atmel/studio/7.0/toolchain/avr8/avr8-gnu-toolchain/bin/../lib/gcc/avr/5.4.0/avr51\libgcc.a(_copy_data.o)
                              Apl/Apl_mainControlTsk.o (__do_copy_data)
c:/program files (x86)/atmel/studio/7.0/toolchain/avr8/avr8-gnu-toolchain/bin/../lib/gcc/avr/5.4.0/avr51\libgcc.a(_clear_bss.o)
                              Apl/Apl_Init.o (__do_clear_bss)

Allocating common symbols
Common symbol       size              file

Apl_BufferWrite     0x4               Apl/Apl_Init.o
Apl_BufferRead      0x4               Apl/Apl_Init.o
Apl_gpioCurrentSts  0x1               Apl/Apl_Init.o
device              0x7               BSW/Bsw.o

Discarded input sections

 .data          0x00000000        0x0 C:/Program Files (x86)/Atmel/Studio/7.0/Packs/atmel/ATmega_DFP/1.7.374/gcc/dev/atmega128/avr51/crtatmega128.o
 .bss           0x00000000        0x0 C:/Program Files (x86)/Atmel/Studio/7.0/Packs/atmel/ATmega_DFP/1.7.374/gcc/dev/atmega128/avr51/crtatmega128.o
 .text          0x00000000        0x0 Apl/Apl_Init.o
 .data          0x00000000        0x0 Apl/Apl_Init.o
 .bss           0x00000000        0x0 Apl/Apl_Init.o
 .text          0x00000000        0x0 Apl/Apl_mainControlTsk.o
 .data          0x00000000        0x0 Apl/Apl_mainControlTsk.o
 .bss           0x00000000        0x0 Apl/Apl_mainControlTsk.o
 .text.Apl_getCurrentSts
                0x00000000        0x8 Apl/Apl_mainControlTsk.o
 .text          0x00000000        0x0 Apl/Apl_MainTskIdle.o
 .data          0x00000000        0x0 Apl/Apl_MainTskIdle.o
 .bss           0x00000000        0x0 Apl/Apl_MainTskIdle.o
 .text          0x00000000        0x0 Apl/Apl_TaskListMain.o
 .data          0x00000000        0x0 Apl/Apl_TaskListMain.o
 .bss           0x00000000        0x0 Apl/Apl_TaskListMain.o
 .text          0x00000000        0x0 Apl/Crypto/aes128.o
 .data          0x00000000        0x0 Apl/Crypto/aes128.o
 .bss           0x00000000        0x0 Apl/Crypto/aes128.o
 .text.GetState
                0x00000000       0x76 Apl/Crypto/aes128.o
 .text.RotWord  0x00000000       0x34 Apl/Crypto/aes128.o
 .text.AddRoundKey
                0x00000000       0x46 Apl/Crypto/aes128.o
 .text.ShiftRows
                0x00000000       0x74 Apl/Crypto/aes128.o
 .text.SubByte  0x00000000       0x2a Apl/Crypto/aes128.o
 .text.KeyExpansion128
                0x00000000      0x15c Apl/Crypto/aes128.o
 .text.SubMixcolumn
                0x00000000       0xb2 Apl/Crypto/aes128.o
 .text.Mixcolumns
                0x00000000       0x9c Apl/Crypto/aes128.o
 .text.aes128_encrypt_sub
                0x00000000       0xcc Apl/Crypto/aes128.o
 .text.xtime    0x00000000       0x16 Apl/Crypto/aes128.o
 .text.Multiply
                0x00000000       0x60 Apl/Crypto/aes128.o
 .text.InvShiftRows
                0x00000000       0x34 Apl/Crypto/aes128.o
 .text.InvSubBytes
                0x00000000       0x20 Apl/Crypto/aes128.o
 .text.InvMixColumns
                0x00000000      0x360 Apl/Crypto/aes128.o
 .text.aes128_decrypt_sub
                0x00000000       0x62 Apl/Crypto/aes128.o
 .text.aes128_encrypt
                0x00000000       0x18 Apl/Crypto/aes128.o
 .text.aes128_decrypt
                0x00000000       0x5a Apl/Crypto/aes128.o
 .bss.ExpandsionKey
                0x00000000       0xb0 Apl/Crypto/aes128.o
 .rodata.Rcon   0x00000000        0xa Apl/Crypto/aes128.o
 .rodata.Inv_S_Box
                0x00000000      0x100 Apl/Crypto/aes128.o
 .rodata.S_Box  0x00000000      0x100 Apl/Crypto/aes128.o
 .rodata.EncryptionFuncTbl
                0x00000000       0x10 Apl/Crypto/aes128.o
 .debug_info    0x00000000     0x106b Apl/Crypto/aes128.o
 .debug_abbrev  0x00000000      0x1eb Apl/Crypto/aes128.o
 .debug_loc     0x00000000      0xc86 Apl/Crypto/aes128.o
 .debug_aranges
                0x00000000       0xa0 Apl/Crypto/aes128.o
 .debug_ranges  0x00000000       0x90 Apl/Crypto/aes128.o
 .debug_line    0x00000000      0x744 Apl/Crypto/aes128.o
 .debug_str     0x00000000      0x3dc Apl/Crypto/aes128.o
 .comment       0x00000000       0x31 Apl/Crypto/aes128.o
 .debug_frame   0x00000000      0x294 Apl/Crypto/aes128.o
 .text          0x00000000        0x0 Apl/Crypto/AES_CBC_Mode.o
 .data          0x00000000        0x0 Apl/Crypto/AES_CBC_Mode.o
 .bss           0x00000000        0x0 Apl/Crypto/AES_CBC_Mode.o
 .text.aes128_CBC_encrypt
                0x00000000      0x162 Apl/Crypto/AES_CBC_Mode.o
 .text.aes128_CBC_decrypt
                0x00000000      0x170 Apl/Crypto/AES_CBC_Mode.o
 .debug_info    0x00000000      0x238 Apl/Crypto/AES_CBC_Mode.o
 .debug_abbrev  0x00000000       0xcf Apl/Crypto/AES_CBC_Mode.o
 .debug_loc     0x00000000      0x4fa Apl/Crypto/AES_CBC_Mode.o
 .debug_aranges
                0x00000000       0x28 Apl/Crypto/AES_CBC_Mode.o
 .debug_ranges  0x00000000       0x18 Apl/Crypto/AES_CBC_Mode.o
 .debug_line    0x00000000      0x218 Apl/Crypto/AES_CBC_Mode.o
 .debug_str     0x00000000      0x259 Apl/Crypto/AES_CBC_Mode.o
 .comment       0x00000000       0x31 Apl/Crypto/AES_CBC_Mode.o
 .debug_frame   0x00000000       0xe4 Apl/Crypto/AES_CBC_Mode.o
 .text          0x00000000        0x0 Apl/Crypto/AES_ECB_Mode.o
 .data          0x00000000        0x0 Apl/Crypto/AES_ECB_Mode.o
 .bss           0x00000000        0x0 Apl/Crypto/AES_ECB_Mode.o
 .text.aes128_ECB_encrypt
                0x00000000       0x70 Apl/Crypto/AES_ECB_Mode.o
 .text.aes128_ECB_decrypt
                0x00000000       0x70 Apl/Crypto/AES_ECB_Mode.o
 .debug_info    0x00000000      0x1bd Apl/Crypto/AES_ECB_Mode.o
 .debug_abbrev  0x00000000       0xae Apl/Crypto/AES_ECB_Mode.o
 .debug_loc     0x00000000      0x326 Apl/Crypto/AES_ECB_Mode.o
 .debug_aranges
                0x00000000       0x28 Apl/Crypto/AES_ECB_Mode.o
 .debug_ranges  0x00000000       0x18 Apl/Crypto/AES_ECB_Mode.o
 .debug_line    0x00000000       0xfe Apl/Crypto/AES_ECB_Mode.o
 .debug_str     0x00000000      0x224 Apl/Crypto/AES_ECB_Mode.o
 .comment       0x00000000       0x31 Apl/Crypto/AES_ECB_Mode.o
 .debug_frame   0x00000000       0xac Apl/Crypto/AES_ECB_Mode.o
 .text          0x00000000        0x0 Apl/floatToString.o
 .data          0x00000000        0x0 Apl/floatToString.o
 .bss           0x00000000        0x0 Apl/floatToString.o
 .text.f_reverse
                0x00000000       0x44 Apl/floatToString.o
 .text.f_intToStr
                0x00000000       0xa4 Apl/floatToString.o
 .text.f_floatToString
                0x00000000       0xb2 Apl/floatToString.o
 .debug_info    0x00000000      0x2a2 Apl/floatToString.o
 .debug_abbrev  0x00000000      0x104 Apl/floatToString.o
 .debug_loc     0x00000000      0x41a Apl/floatToString.o
 .debug_aranges
                0x00000000       0x30 Apl/floatToString.o
 .debug_ranges  0x00000000       0x20 Apl/floatToString.o
 .debug_line    0x00000000      0x193 Apl/floatToString.o
 .debug_str     0x00000000      0x233 Apl/floatToString.o
 .comment       0x00000000       0x31 Apl/floatToString.o
 .debug_frame   0x00000000       0xc0 Apl/floatToString.o
 .text          0x00000000        0x0 Apl/Network/Apl_uartFFSend.o
 .data          0x00000000        0x0 Apl/Network/Apl_uartFFSend.o
 .bss           0x00000000        0x0 Apl/Network/Apl_uartFFSend.o
 .text          0x00000000        0x0 Apl/Network/Apl_uartSendFFWait.o
 .data          0x00000000        0x0 Apl/Network/Apl_uartSendFFWait.o
 .bss           0x00000000        0x0 Apl/Network/Apl_uartSendFFWait.o
 .text.Apl_mainFFSendWaitExecuteEvjob
                0x00000000        0x2 Apl/Network/Apl_uartSendFFWait.o
 .text.Apl_mainFFSendWaitCompEvjob
                0x00000000        0x2 Apl/Network/Apl_uartSendFFWait.o
 .text.Apl_mainFFSendWaitEntryEvjob
                0x00000000        0x2 Apl/Network/Apl_uartSendFFWait.o
 .text.Apl_mainFFSendWaitTimeOutEvjob
                0x00000000        0x2 Apl/Network/Apl_uartSendFFWait.o
 .debug_info    0x00000000      0x12b Apl/Network/Apl_uartSendFFWait.o
 .debug_abbrev  0x00000000       0x6f Apl/Network/Apl_uartSendFFWait.o
 .debug_aranges
                0x00000000       0x38 Apl/Network/Apl_uartSendFFWait.o
 .debug_ranges  0x00000000       0x28 Apl/Network/Apl_uartSendFFWait.o
 .debug_line    0x00000000       0xa1 Apl/Network/Apl_uartSendFFWait.o
 .debug_str     0x00000000      0x216 Apl/Network/Apl_uartSendFFWait.o
 .comment       0x00000000       0x31 Apl/Network/Apl_uartSendFFWait.o
 .debug_frame   0x00000000       0x54 Apl/Network/Apl_uartSendFFWait.o
 .text          0x00000000        0x0 BSW/Bsw.o
 .data          0x00000000        0x0 BSW/Bsw.o
 .bss           0x00000000        0x0 BSW/Bsw.o
 COMMON         0x00000000        0x7 BSW/Bsw.o
 .text          0x00000000        0x0 BSW/BSW_UART.o
 .data          0x00000000        0x0 BSW/BSW_UART.o
 .bss           0x00000000        0x0 BSW/BSW_UART.o
 .debug_line    0x00000000        0x0 BSW/BSW_UART.o
 .debug_str     0x00000000       0xf5 BSW/BSW_UART.o
 .comment       0x00000000       0x31 BSW/BSW_UART.o
 .text          0x00000000        0x0 BSW/liquid_crystal_i2c.o
 .data          0x00000000        0x0 BSW/liquid_crystal_i2c.o
 .bss           0x00000000        0x0 BSW/liquid_crystal_i2c.o
 .text.lq_transmitI2C
                0x00000000        0xe BSW/liquid_crystal_i2c.o
 .text.lq_turnOnBacklight
                0x00000000        0xe BSW/liquid_crystal_i2c.o
 .text.lq_turnOffBacklight
                0x00000000        0xc BSW/liquid_crystal_i2c.o
 .text.lq_writeDevicePulse
                0x00000000       0x32 BSW/liquid_crystal_i2c.o
 .text.lq_writeDevice4Bits
                0x00000000       0x1e BSW/liquid_crystal_i2c.o
 .text.lq_writeDeviceByte
                0x00000000       0x3a BSW/liquid_crystal_i2c.o
 .text.lq_print
                0x00000000       0x2a BSW/liquid_crystal_i2c.o
 .text.lq_sendCommand
                0x00000000        0x8 BSW/liquid_crystal_i2c.o
 .text.lq_setCursor
                0x00000000       0x3e BSW/liquid_crystal_i2c.o
 .text.lq_clear
                0x00000000       0x28 BSW/liquid_crystal_i2c.o
 .text.lq_returnHome
                0x00000000       0x14 BSW/liquid_crystal_i2c.o
 .text.lq_turnOnDisplay
                0x00000000       0x12 BSW/liquid_crystal_i2c.o
 .text.lq_turnOffDisplay
                0x00000000       0x10 BSW/liquid_crystal_i2c.o
 .text.lq_turnOnCursor
                0x00000000       0x12 BSW/liquid_crystal_i2c.o
 .text.lq_turnOffCursor
                0x00000000       0x10 BSW/liquid_crystal_i2c.o
 .text.lq_turnOnBlink
                0x00000000       0x12 BSW/liquid_crystal_i2c.o
 .text.lq_turnOffBlink
                0x00000000       0x10 BSW/liquid_crystal_i2c.o
 .text.lq_scrollDisplayLeft
                0x00000000        0x8 BSW/liquid_crystal_i2c.o
 .text.lq_scrollDisplayRight
                0x00000000        0x8 BSW/liquid_crystal_i2c.o
 .text.lq_leftToRight
                0x00000000       0x12 BSW/liquid_crystal_i2c.o
 .text.lq_rightToLeft
                0x00000000       0x10 BSW/liquid_crystal_i2c.o
 .text.lq_turnOnAutoscroll
                0x00000000       0x12 BSW/liquid_crystal_i2c.o
 .text.lq_turnOffAutoscroll
                0x00000000       0x10 BSW/liquid_crystal_i2c.o
 .text.lq_createChar
                0x00000000       0x4a BSW/liquid_crystal_i2c.o
 .text.lq_init  0x00000000      0x11c BSW/liquid_crystal_i2c.o
 .debug_info    0x00000000      0xd0f BSW/liquid_crystal_i2c.o
 .debug_abbrev  0x00000000      0x1d4 BSW/liquid_crystal_i2c.o
 .debug_loc     0x00000000      0xb78 BSW/liquid_crystal_i2c.o
 .debug_aranges
                0x00000000       0xe0 BSW/liquid_crystal_i2c.o
 .debug_ranges  0x00000000       0xd0 BSW/liquid_crystal_i2c.o
 .debug_line    0x00000000      0x55d BSW/liquid_crystal_i2c.o
 .debug_str     0x00000000      0x471 BSW/liquid_crystal_i2c.o
 .comment       0x00000000       0x31 BSW/liquid_crystal_i2c.o
 .debug_frame   0x00000000      0x23c BSW/liquid_crystal_i2c.o
 .text          0x00000000        0x0 BSW/PHT_LCD16x2_4bit.o
 .data          0x00000000        0x0 BSW/PHT_LCD16x2_4bit.o
 .bss           0x00000000        0x0 BSW/PHT_LCD16x2_4bit.o
 .text.lcd_data
                0x00000000       0x26 BSW/PHT_LCD16x2_4bit.o
 .text.lcd_home
                0x00000000       0x12 BSW/PHT_LCD16x2_4bit.o
 .text.lcd_setcursor
                0x00000000       0x2a BSW/PHT_LCD16x2_4bit.o
 .text.lcd_string
                0x00000000       0x1a BSW/PHT_LCD16x2_4bit.o
 .text.lcd_generatechar
                0x00000000       0x40 BSW/PHT_LCD16x2_4bit.o
 .text          0x00000000        0x0 main.o
 .data          0x00000000        0x0 main.o
 .bss           0x00000000        0x0 main.o
 .text          0x00000000        0x0 MCAL/adc.o
 .data          0x00000000        0x0 MCAL/adc.o
 .bss           0x00000000        0x0 MCAL/adc.o
 .text.f_read_adc
                0x00000000       0x16 MCAL/adc.o
 .text          0x00000000        0x0 MCAL/gpt.o
 .data          0x00000000        0x0 MCAL/gpt.o
 .bss           0x00000000        0x0 MCAL/gpt.o
 .debug_info    0x00000000       0x64 MCAL/gpt.o
 .debug_abbrev  0x00000000       0x1b MCAL/gpt.o
 .debug_aranges
                0x00000000       0x18 MCAL/gpt.o
 .debug_line    0x00000000       0x1a MCAL/gpt.o
 .debug_str     0x00000000      0x175 MCAL/gpt.o
 .comment       0x00000000       0x31 MCAL/gpt.o
 .text          0x00000000        0x0 MCAL/i2c.o
 .data          0x00000000        0x0 MCAL/i2c.o
 .bss           0x00000000        0x0 MCAL/i2c.o
 .text.i2c_master_init
                0x00000000       0x2c MCAL/i2c.o
 .text.i2c_master_start
                0x00000000       0x58 MCAL/i2c.o
 .text.i2c_master_startWait
                0x00000000       0x5a MCAL/i2c.o
 .text.i2c_master_write
                0x00000000       0x24 MCAL/i2c.o
 .text.i2c_master_readAck
                0x00000000       0x14 MCAL/i2c.o
 .text.i2c_master_readNack
                0x00000000       0x14 MCAL/i2c.o
 .text.i2c_master_stop
                0x00000000        0x8 MCAL/i2c.o
 .text.i2c_master_send
                0x00000000       0x4c MCAL/i2c.o
 .text.i2c_master_sendByte
                0x00000000       0x22 MCAL/i2c.o
 .text.i2c_master_receive
                0x00000000       0x64 MCAL/i2c.o
 .debug_info    0x00000000      0x3c1 MCAL/i2c.o
 .debug_abbrev  0x00000000      0x14b MCAL/i2c.o
 .debug_loc     0x00000000      0x438 MCAL/i2c.o
 .debug_aranges
                0x00000000       0x68 MCAL/i2c.o
 .debug_ranges  0x00000000       0x58 MCAL/i2c.o
 .debug_line    0x00000000      0x367 MCAL/i2c.o
 .debug_str     0x00000000      0x282 MCAL/i2c.o
 .comment       0x00000000       0x31 MCAL/i2c.o
 .debug_frame   0x00000000      0x104 MCAL/i2c.o
 .text          0x00000000        0x0 MCAL/spi.o
 .data          0x00000000        0x0 MCAL/spi.o
 .bss           0x00000000        0x0 MCAL/spi.o
 .debug_info    0x00000000       0x64 MCAL/spi.o
 .debug_abbrev  0x00000000       0x1b MCAL/spi.o
 .debug_aranges
                0x00000000       0x18 MCAL/spi.o
 .debug_line    0x00000000       0x1a MCAL/spi.o
 .debug_str     0x00000000      0x175 MCAL/spi.o
 .comment       0x00000000       0x31 MCAL/spi.o
 .text          0x00000000        0x0 MCAL/UART.o
 .data          0x00000000        0x0 MCAL/UART.o
 .bss           0x00000000        0x0 MCAL/UART.o
 .text.UART_RxChar
                0x00000000       0x24 MCAL/UART.o
 .text.UART_TxChar
                0x00000000       0x20 MCAL/UART.o
 .text          0x00000000        0x0 c:/program files (x86)/atmel/studio/7.0/toolchain/avr8/avr8-gnu-toolchain/bin/../lib/gcc/avr/5.4.0/../../../../avr/lib/avr51\libm.a(addsf3.o)
 .data          0x00000000        0x0 c:/program files (x86)/atmel/studio/7.0/toolchain/avr8/avr8-gnu-toolchain/bin/../lib/gcc/avr/5.4.0/../../../../avr/lib/avr51\libm.a(addsf3.o)
 .bss           0x00000000        0x0 c:/program files (x86)/atmel/studio/7.0/toolchain/avr8/avr8-gnu-toolchain/bin/../lib/gcc/avr/5.4.0/../../../../avr/lib/avr51\libm.a(addsf3.o)
 .text.avr-libc.fplib
                0x00000000        0xe c:/program files (x86)/atmel/studio/7.0/toolchain/avr8/avr8-gnu-toolchain/bin/../lib/gcc/avr/5.4.0/../../../../avr/lib/avr51\libm.a(addsf3.o)
 .text          0x00000000        0x0 c:/program files (x86)/atmel/studio/7.0/toolchain/avr8/avr8-gnu-toolchain/bin/../lib/gcc/avr/5.4.0/../../../../avr/lib/avr51\libm.a(addsf3x.o)
 .data          0x00000000        0x0 c:/program files (x86)/atmel/studio/7.0/toolchain/avr8/avr8-gnu-toolchain/bin/../lib/gcc/avr/5.4.0/../../../../avr/lib/avr51\libm.a(addsf3x.o)
 .bss           0x00000000        0x0 c:/program files (x86)/atmel/studio/7.0/toolchain/avr8/avr8-gnu-toolchain/bin/../lib/gcc/avr/5.4.0/../../../../avr/lib/avr51\libm.a(addsf3x.o)
 .text.avr-libc.fplib
                0x00000000       0xcc c:/program files (x86)/atmel/studio/7.0/toolchain/avr8/avr8-gnu-toolchain/bin/../lib/gcc/avr/5.4.0/../../../../avr/lib/avr51\libm.a(addsf3x.o)
 .text          0x00000000        0x0 c:/program files (x86)/atmel/studio/7.0/toolchain/avr8/avr8-gnu-toolchain/bin/../lib/gcc/avr/5.4.0/../../../../avr/lib/avr51\libm.a(fixsfsi.o)
 .data          0x00000000        0x0 c:/program files (x86)/atmel/studio/7.0/toolchain/avr8/avr8-gnu-toolchain/bin/../lib/gcc/avr/5.4.0/../../../../avr/lib/avr51\libm.a(fixsfsi.o)
 .bss           0x00000000        0x0 c:/program files (x86)/atmel/studio/7.0/toolchain/avr8/avr8-gnu-toolchain/bin/../lib/gcc/avr/5.4.0/../../../../avr/lib/avr51\libm.a(fixsfsi.o)
 .text.avr-libc.fplib
                0x00000000        0xe c:/program files (x86)/atmel/studio/7.0/toolchain/avr8/avr8-gnu-toolchain/bin/../lib/gcc/avr/5.4.0/../../../../avr/lib/avr51\libm.a(fixsfsi.o)
 .text          0x00000000        0x0 c:/program files (x86)/atmel/studio/7.0/toolchain/avr8/avr8-gnu-toolchain/bin/../lib/gcc/avr/5.4.0/../../../../avr/lib/avr51\libm.a(fixunssfsi.o)
 .data          0x00000000        0x0 c:/program files (x86)/atmel/studio/7.0/toolchain/avr8/avr8-gnu-toolchain/bin/../lib/gcc/avr/5.4.0/../../../../avr/lib/avr51\libm.a(fixunssfsi.o)
 .bss           0x00000000        0x0 c:/program files (x86)/atmel/studio/7.0/toolchain/avr8/avr8-gnu-toolchain/bin/../lib/gcc/avr/5.4.0/../../../../avr/lib/avr51\libm.a(fixunssfsi.o)
 .text.avr-libc.fplib
                0x00000000       0x5e c:/program files (x86)/atmel/studio/7.0/toolchain/avr8/avr8-gnu-toolchain/bin/../lib/gcc/avr/5.4.0/../../../../avr/lib/avr51\libm.a(fixunssfsi.o)
 .text          0x00000000        0x0 c:/program files (x86)/atmel/studio/7.0/toolchain/avr8/avr8-gnu-toolchain/bin/../lib/gcc/avr/5.4.0/../../../../avr/lib/avr51\libm.a(floatsisf.o)
 .data          0x00000000        0x0 c:/program files (x86)/atmel/studio/7.0/toolchain/avr8/avr8-gnu-toolchain/bin/../lib/gcc/avr/5.4.0/../../../../avr/lib/avr51\libm.a(floatsisf.o)
 .bss           0x00000000        0x0 c:/program files (x86)/atmel/studio/7.0/toolchain/avr8/avr8-gnu-toolchain/bin/../lib/gcc/avr/5.4.0/../../../../avr/lib/avr51\libm.a(floatsisf.o)
 .text.avr-libc.fplib
                0x00000000       0x7a c:/program files (x86)/atmel/studio/7.0/toolchain/avr8/avr8-gnu-toolchain/bin/../lib/gcc/avr/5.4.0/../../../../avr/lib/avr51\libm.a(floatsisf.o)
 .text          0x00000000        0x0 c:/program files (x86)/atmel/studio/7.0/toolchain/avr8/avr8-gnu-toolchain/bin/../lib/gcc/avr/5.4.0/../../../../avr/lib/avr51\libm.a(fp_inf.o)
 .data          0x00000000        0x0 c:/program files (x86)/atmel/studio/7.0/toolchain/avr8/avr8-gnu-toolchain/bin/../lib/gcc/avr/5.4.0/../../../../avr/lib/avr51\libm.a(fp_inf.o)
 .bss           0x00000000        0x0 c:/program files (x86)/atmel/studio/7.0/toolchain/avr8/avr8-gnu-toolchain/bin/../lib/gcc/avr/5.4.0/../../../../avr/lib/avr51\libm.a(fp_inf.o)
 .text.avr-libc.fplib
                0x00000000        0xc c:/program files (x86)/atmel/studio/7.0/toolchain/avr8/avr8-gnu-toolchain/bin/../lib/gcc/avr/5.4.0/../../../../avr/lib/avr51\libm.a(fp_inf.o)
 .text          0x00000000        0x0 c:/program files (x86)/atmel/studio/7.0/toolchain/avr8/avr8-gnu-toolchain/bin/../lib/gcc/avr/5.4.0/../../../../avr/lib/avr51\libm.a(fp_nan.o)
 .data          0x00000000        0x0 c:/program files (x86)/atmel/studio/7.0/toolchain/avr8/avr8-gnu-toolchain/bin/../lib/gcc/avr/5.4.0/../../../../avr/lib/avr51\libm.a(fp_nan.o)
 .bss           0x00000000        0x0 c:/program files (x86)/atmel/studio/7.0/toolchain/avr8/avr8-gnu-toolchain/bin/../lib/gcc/avr/5.4.0/../../../../avr/lib/avr51\libm.a(fp_nan.o)
 .text.avr-libc.fplib
                0x00000000        0x6 c:/program files (x86)/atmel/studio/7.0/toolchain/avr8/avr8-gnu-toolchain/bin/../lib/gcc/avr/5.4.0/../../../../avr/lib/avr51\libm.a(fp_nan.o)
 .text          0x00000000        0x0 c:/program files (x86)/atmel/studio/7.0/toolchain/avr8/avr8-gnu-toolchain/bin/../lib/gcc/avr/5.4.0/../../../../avr/lib/avr51\libm.a(fp_pscA.o)
 .data          0x00000000        0x0 c:/program files (x86)/atmel/studio/7.0/toolchain/avr8/avr8-gnu-toolchain/bin/../lib/gcc/avr/5.4.0/../../../../avr/lib/avr51\libm.a(fp_pscA.o)
 .bss           0x00000000        0x0 c:/program files (x86)/atmel/studio/7.0/toolchain/avr8/avr8-gnu-toolchain/bin/../lib/gcc/avr/5.4.0/../../../../avr/lib/avr51\libm.a(fp_pscA.o)
 .text.avr-libc.fplib
                0x00000000        0xe c:/program files (x86)/atmel/studio/7.0/toolchain/avr8/avr8-gnu-toolchain/bin/../lib/gcc/avr/5.4.0/../../../../avr/lib/avr51\libm.a(fp_pscA.o)
 .text          0x00000000        0x0 c:/program files (x86)/atmel/studio/7.0/toolchain/avr8/avr8-gnu-toolchain/bin/../lib/gcc/avr/5.4.0/../../../../avr/lib/avr51\libm.a(fp_pscB.o)
 .data          0x00000000        0x0 c:/program files (x86)/atmel/studio/7.0/toolchain/avr8/avr8-gnu-toolchain/bin/../lib/gcc/avr/5.4.0/../../../../avr/lib/avr51\libm.a(fp_pscB.o)
 .bss           0x00000000        0x0 c:/program files (x86)/atmel/studio/7.0/toolchain/avr8/avr8-gnu-toolchain/bin/../lib/gcc/avr/5.4.0/../../../../avr/lib/avr51\libm.a(fp_pscB.o)
 .text.avr-libc.fplib
                0x00000000        0xe c:/program files (x86)/atmel/studio/7.0/toolchain/avr8/avr8-gnu-toolchain/bin/../lib/gcc/avr/5.4.0/../../../../avr/lib/avr51\libm.a(fp_pscB.o)
 .text          0x00000000        0x0 c:/program files (x86)/atmel/studio/7.0/toolchain/avr8/avr8-gnu-toolchain/bin/../lib/gcc/avr/5.4.0/../../../../avr/lib/avr51\libm.a(fp_round.o)
 .data          0x00000000        0x0 c:/program files (x86)/atmel/studio/7.0/toolchain/avr8/avr8-gnu-toolchain/bin/../lib/gcc/avr/5.4.0/../../../../avr/lib/avr51\libm.a(fp_round.o)
 .bss           0x00000000        0x0 c:/program files (x86)/atmel/studio/7.0/toolchain/avr8/avr8-gnu-toolchain/bin/../lib/gcc/avr/5.4.0/../../../../avr/lib/avr51\libm.a(fp_round.o)
 .text.avr-libc.fplib
                0x00000000       0x22 c:/program files (x86)/atmel/studio/7.0/toolchain/avr8/avr8-gnu-toolchain/bin/../lib/gcc/avr/5.4.0/../../../../avr/lib/avr51\libm.a(fp_round.o)
 .text          0x00000000        0x0 c:/program files (x86)/atmel/studio/7.0/toolchain/avr8/avr8-gnu-toolchain/bin/../lib/gcc/avr/5.4.0/../../../../avr/lib/avr51\libm.a(fp_split3.o)
 .data          0x00000000        0x0 c:/program files (x86)/atmel/studio/7.0/toolchain/avr8/avr8-gnu-toolchain/bin/../lib/gcc/avr/5.4.0/../../../../avr/lib/avr51\libm.a(fp_split3.o)
 .bss           0x00000000        0x0 c:/program files (x86)/atmel/studio/7.0/toolchain/avr8/avr8-gnu-toolchain/bin/../lib/gcc/avr/5.4.0/../../../../avr/lib/avr51\libm.a(fp_split3.o)
 .text.avr-libc.fplib
                0x00000000       0x44 c:/program files (x86)/atmel/studio/7.0/toolchain/avr8/avr8-gnu-toolchain/bin/../lib/gcc/avr/5.4.0/../../../../avr/lib/avr51\libm.a(fp_split3.o)
 .text          0x00000000        0x0 c:/program files (x86)/atmel/studio/7.0/toolchain/avr8/avr8-gnu-toolchain/bin/../lib/gcc/avr/5.4.0/../../../../avr/lib/avr51\libm.a(fp_zero.o)
 .data          0x00000000        0x0 c:/program files (x86)/atmel/studio/7.0/toolchain/avr8/avr8-gnu-toolchain/bin/../lib/gcc/avr/5.4.0/../../../../avr/lib/avr51\libm.a(fp_zero.o)
 .bss           0x00000000        0x0 c:/program files (x86)/atmel/studio/7.0/toolchain/avr8/avr8-gnu-toolchain/bin/../lib/gcc/avr/5.4.0/../../../../avr/lib/avr51\libm.a(fp_zero.o)
 .text.avr-libc.fplib
                0x00000000        0xe c:/program files (x86)/atmel/studio/7.0/toolchain/avr8/avr8-gnu-toolchain/bin/../lib/gcc/avr/5.4.0/../../../../avr/lib/avr51\libm.a(fp_zero.o)
 .text          0x00000000        0x0 c:/program files (x86)/atmel/studio/7.0/toolchain/avr8/avr8-gnu-toolchain/bin/../lib/gcc/avr/5.4.0/../../../../avr/lib/avr51\libm.a(mulsf3.o)
 .data          0x00000000        0x0 c:/program files (x86)/atmel/studio/7.0/toolchain/avr8/avr8-gnu-toolchain/bin/../lib/gcc/avr/5.4.0/../../../../avr/lib/avr51\libm.a(mulsf3.o)
 .bss           0x00000000        0x0 c:/program files (x86)/atmel/studio/7.0/toolchain/avr8/avr8-gnu-toolchain/bin/../lib/gcc/avr/5.4.0/../../../../avr/lib/avr51\libm.a(mulsf3.o)
 .text.avr-libc.fplib
                0x00000000        0x8 c:/program files (x86)/atmel/studio/7.0/toolchain/avr8/avr8-gnu-toolchain/bin/../lib/gcc/avr/5.4.0/../../../../avr/lib/avr51\libm.a(mulsf3.o)
 .text          0x00000000        0x0 c:/program files (x86)/atmel/studio/7.0/toolchain/avr8/avr8-gnu-toolchain/bin/../lib/gcc/avr/5.4.0/../../../../avr/lib/avr51\libm.a(mulsf3x.o)
 .data          0x00000000        0x0 c:/program files (x86)/atmel/studio/7.0/toolchain/avr8/avr8-gnu-toolchain/bin/../lib/gcc/avr/5.4.0/../../../../avr/lib/avr51\libm.a(mulsf3x.o)
 .bss           0x00000000        0x0 c:/program files (x86)/atmel/studio/7.0/toolchain/avr8/avr8-gnu-toolchain/bin/../lib/gcc/avr/5.4.0/../../../../avr/lib/avr51\libm.a(mulsf3x.o)
 .text.avr-libc.fplib
                0x00000000       0xd2 c:/program files (x86)/atmel/studio/7.0/toolchain/avr8/avr8-gnu-toolchain/bin/../lib/gcc/avr/5.4.0/../../../../avr/lib/avr51\libm.a(mulsf3x.o)
 .text          0x00000000        0x0 c:/program files (x86)/atmel/studio/7.0/toolchain/avr8/avr8-gnu-toolchain/bin/../lib/gcc/avr/5.4.0/../../../../avr/lib/avr51\libm.a(pow.o)
 .data          0x00000000        0x0 c:/program files (x86)/atmel/studio/7.0/toolchain/avr8/avr8-gnu-toolchain/bin/../lib/gcc/avr/5.4.0/../../../../avr/lib/avr51\libm.a(pow.o)
 .bss           0x00000000        0x0 c:/program files (x86)/atmel/studio/7.0/toolchain/avr8/avr8-gnu-toolchain/bin/../lib/gcc/avr/5.4.0/../../../../avr/lib/avr51\libm.a(pow.o)
 .text.avr-libc.fplib
                0x00000000       0xa0 c:/program files (x86)/atmel/studio/7.0/toolchain/avr8/avr8-gnu-toolchain/bin/../lib/gcc/avr/5.4.0/../../../../avr/lib/avr51\libm.a(pow.o)
 .text          0x00000000        0x0 c:/program files (x86)/atmel/studio/7.0/toolchain/avr8/avr8-gnu-toolchain/bin/../lib/gcc/avr/5.4.0/../../../../avr/lib/avr51\libm.a(exp.o)
 .data          0x00000000        0x0 c:/program files (x86)/atmel/studio/7.0/toolchain/avr8/avr8-gnu-toolchain/bin/../lib/gcc/avr/5.4.0/../../../../avr/lib/avr51\libm.a(exp.o)
 .bss           0x00000000        0x0 c:/program files (x86)/atmel/studio/7.0/toolchain/avr8/avr8-gnu-toolchain/bin/../lib/gcc/avr/5.4.0/../../../../avr/lib/avr51\libm.a(exp.o)
 .text.avr-libc.fplib
                0x00000000       0x74 c:/program files (x86)/atmel/studio/7.0/toolchain/avr8/avr8-gnu-toolchain/bin/../lib/gcc/avr/5.4.0/../../../../avr/lib/avr51\libm.a(exp.o)
 .progmem.gcc_fplib
                0x00000000       0x28 c:/program files (x86)/atmel/studio/7.0/toolchain/avr8/avr8-gnu-toolchain/bin/../lib/gcc/avr/5.4.0/../../../../avr/lib/avr51\libm.a(exp.o)
 .text          0x00000000        0x0 c:/program files (x86)/atmel/studio/7.0/toolchain/avr8/avr8-gnu-toolchain/bin/../lib/gcc/avr/5.4.0/../../../../avr/lib/avr51\libm.a(fp_powser.o)
 .data          0x00000000        0x0 c:/program files (x86)/atmel/studio/7.0/toolchain/avr8/avr8-gnu-toolchain/bin/../lib/gcc/avr/5.4.0/../../../../avr/lib/avr51\libm.a(fp_powser.o)
 .bss           0x00000000        0x0 c:/program files (x86)/atmel/studio/7.0/toolchain/avr8/avr8-gnu-toolchain/bin/../lib/gcc/avr/5.4.0/../../../../avr/lib/avr51\libm.a(fp_powser.o)
 .text.avr-libc.fplib
                0x00000000       0x4e c:/program files (x86)/atmel/studio/7.0/toolchain/avr8/avr8-gnu-toolchain/bin/../lib/gcc/avr/5.4.0/../../../../avr/lib/avr51\libm.a(fp_powser.o)
 .text          0x00000000        0x0 c:/program files (x86)/atmel/studio/7.0/toolchain/avr8/avr8-gnu-toolchain/bin/../lib/gcc/avr/5.4.0/../../../../avr/lib/avr51\libm.a(inverse.o)
 .data          0x00000000        0x0 c:/program files (x86)/atmel/studio/7.0/toolchain/avr8/avr8-gnu-toolchain/bin/../lib/gcc/avr/5.4.0/../../../../avr/lib/avr51\libm.a(inverse.o)
 .bss           0x00000000        0x0 c:/program files (x86)/atmel/studio/7.0/toolchain/avr8/avr8-gnu-toolchain/bin/../lib/gcc/avr/5.4.0/../../../../avr/lib/avr51\libm.a(inverse.o)
 .text.avr-libc.fplib
                0x00000000       0x10 c:/program files (x86)/atmel/studio/7.0/toolchain/avr8/avr8-gnu-toolchain/bin/../lib/gcc/avr/5.4.0/../../../../avr/lib/avr51\libm.a(inverse.o)
 .text          0x00000000        0x0 c:/program files (x86)/atmel/studio/7.0/toolchain/avr8/avr8-gnu-toolchain/bin/../lib/gcc/avr/5.4.0/../../../../avr/lib/avr51\libm.a(ldexp.o)
 .data          0x00000000        0x0 c:/program files (x86)/atmel/studio/7.0/toolchain/avr8/avr8-gnu-toolchain/bin/../lib/gcc/avr/5.4.0/../../../../avr/lib/avr51\libm.a(ldexp.o)
 .bss           0x00000000        0x0 c:/program files (x86)/atmel/studio/7.0/toolchain/avr8/avr8-gnu-toolchain/bin/../lib/gcc/avr/5.4.0/../../../../avr/lib/avr51\libm.a(ldexp.o)
 .text.avr-libc.fplib
                0x00000000       0x74 c:/program files (x86)/atmel/studio/7.0/toolchain/avr8/avr8-gnu-toolchain/bin/../lib/gcc/avr/5.4.0/../../../../avr/lib/avr51\libm.a(ldexp.o)
 .text          0x00000000        0x0 c:/program files (x86)/atmel/studio/7.0/toolchain/avr8/avr8-gnu-toolchain/bin/../lib/gcc/avr/5.4.0/../../../../avr/lib/avr51\libm.a(log.o)
 .data          0x00000000        0x0 c:/program files (x86)/atmel/studio/7.0/toolchain/avr8/avr8-gnu-toolchain/bin/../lib/gcc/avr/5.4.0/../../../../avr/lib/avr51\libm.a(log.o)
 .bss           0x00000000        0x0 c:/program files (x86)/atmel/studio/7.0/toolchain/avr8/avr8-gnu-toolchain/bin/../lib/gcc/avr/5.4.0/../../../../avr/lib/avr51\libm.a(log.o)
 .text.avr-libc.fplib
                0x00000000       0xa0 c:/program files (x86)/atmel/studio/7.0/toolchain/avr8/avr8-gnu-toolchain/bin/../lib/gcc/avr/5.4.0/../../../../avr/lib/avr51\libm.a(log.o)
 .progmem.gcc_fplib
                0x00000000       0x5a c:/program files (x86)/atmel/studio/7.0/toolchain/avr8/avr8-gnu-toolchain/bin/../lib/gcc/avr/5.4.0/../../../../avr/lib/avr51\libm.a(log.o)
 .text          0x00000000        0x0 c:/program files (x86)/atmel/studio/7.0/toolchain/avr8/avr8-gnu-toolchain/bin/../lib/gcc/avr/5.4.0/../../../../avr/lib/avr51\libm.a(modf.o)
 .data          0x00000000        0x0 c:/program files (x86)/atmel/studio/7.0/toolchain/avr8/avr8-gnu-toolchain/bin/../lib/gcc/avr/5.4.0/../../../../avr/lib/avr51\libm.a(modf.o)
 .bss           0x00000000        0x0 c:/program files (x86)/atmel/studio/7.0/toolchain/avr8/avr8-gnu-toolchain/bin/../lib/gcc/avr/5.4.0/../../../../avr/lib/avr51\libm.a(modf.o)
 .text.avr-libc.fplib
                0x00000000       0x68 c:/program files (x86)/atmel/studio/7.0/toolchain/avr8/avr8-gnu-toolchain/bin/../lib/gcc/avr/5.4.0/../../../../avr/lib/avr51\libm.a(modf.o)
 .text          0x00000000        0x0 c:/program files (x86)/atmel/studio/7.0/toolchain/avr8/avr8-gnu-toolchain/bin/../lib/gcc/avr/5.4.0/../../../../avr/lib/avr51\libm.a(divsf3.o)
 .data          0x00000000        0x0 c:/program files (x86)/atmel/studio/7.0/toolchain/avr8/avr8-gnu-toolchain/bin/../lib/gcc/avr/5.4.0/../../../../avr/lib/avr51\libm.a(divsf3.o)
 .bss           0x00000000        0x0 c:/program files (x86)/atmel/studio/7.0/toolchain/avr8/avr8-gnu-toolchain/bin/../lib/gcc/avr/5.4.0/../../../../avr/lib/avr51\libm.a(divsf3.o)
 .text.avr-libc.fplib
                0x00000000        0x8 c:/program files (x86)/atmel/studio/7.0/toolchain/avr8/avr8-gnu-toolchain/bin/../lib/gcc/avr/5.4.0/../../../../avr/lib/avr51\libm.a(divsf3.o)
 .text          0x00000000        0x0 c:/program files (x86)/atmel/studio/7.0/toolchain/avr8/avr8-gnu-toolchain/bin/../lib/gcc/avr/5.4.0/../../../../avr/lib/avr51\libm.a(divsf3x.o)
 .data          0x00000000        0x0 c:/program files (x86)/atmel/studio/7.0/toolchain/avr8/avr8-gnu-toolchain/bin/../lib/gcc/avr/5.4.0/../../../../avr/lib/avr51\libm.a(divsf3x.o)
 .bss           0x00000000        0x0 c:/program files (x86)/atmel/studio/7.0/toolchain/avr8/avr8-gnu-toolchain/bin/../lib/gcc/avr/5.4.0/../../../../avr/lib/avr51\libm.a(divsf3x.o)
 .text.avr-libc.fplib
                0x00000000       0xdc c:/program files (x86)/atmel/studio/7.0/toolchain/avr8/avr8-gnu-toolchain/bin/../lib/gcc/avr/5.4.0/../../../../avr/lib/avr51\libm.a(divsf3x.o)
 .text          0x00000000        0x0 c:/program files (x86)/atmel/studio/7.0/toolchain/avr8/avr8-gnu-toolchain/bin/../lib/gcc/avr/5.4.0/../../../../avr/lib/avr51\libm.a(fp_mpack.o)
 .data          0x00000000        0x0 c:/program files (x86)/atmel/studio/7.0/toolchain/avr8/avr8-gnu-toolchain/bin/../lib/gcc/avr/5.4.0/../../../../avr/lib/avr51\libm.a(fp_mpack.o)
 .bss           0x00000000        0x0 c:/program files (x86)/atmel/studio/7.0/toolchain/avr8/avr8-gnu-toolchain/bin/../lib/gcc/avr/5.4.0/../../../../avr/lib/avr51\libm.a(fp_mpack.o)
 .text.avr-libc.fplib
                0x00000000       0x1c c:/program files (x86)/atmel/studio/7.0/toolchain/avr8/avr8-gnu-toolchain/bin/../lib/gcc/avr/5.4.0/../../../../avr/lib/avr51\libm.a(fp_mpack.o)
 .text          0x00000000        0x0 c:/program files (x86)/atmel/studio/7.0/toolchain/avr8/avr8-gnu-toolchain/bin/../lib/gcc/avr/5.4.0/avr51\libgcc.a(_udivmodsi4.o)
 .data          0x00000000        0x0 c:/program files (x86)/atmel/studio/7.0/toolchain/avr8/avr8-gnu-toolchain/bin/../lib/gcc/avr/5.4.0/avr51\libgcc.a(_udivmodsi4.o)
 .bss           0x00000000        0x0 c:/program files (x86)/atmel/studio/7.0/toolchain/avr8/avr8-gnu-toolchain/bin/../lib/gcc/avr/5.4.0/avr51\libgcc.a(_udivmodsi4.o)
 .text.libgcc.mul
                0x00000000        0x0 c:/program files (x86)/atmel/studio/7.0/toolchain/avr8/avr8-gnu-toolchain/bin/../lib/gcc/avr/5.4.0/avr51\libgcc.a(_udivmodsi4.o)
 .text.libgcc   0x00000000        0x0 c:/program files (x86)/atmel/studio/7.0/toolchain/avr8/avr8-gnu-toolchain/bin/../lib/gcc/avr/5.4.0/avr51\libgcc.a(_udivmodsi4.o)
 .text.libgcc.prologue
                0x00000000        0x0 c:/program files (x86)/atmel/studio/7.0/toolchain/avr8/avr8-gnu-toolchain/bin/../lib/gcc/avr/5.4.0/avr51\libgcc.a(_udivmodsi4.o)
 .text.libgcc.builtins
                0x00000000        0x0 c:/program files (x86)/atmel/studio/7.0/toolchain/avr8/avr8-gnu-toolchain/bin/../lib/gcc/avr/5.4.0/avr51\libgcc.a(_udivmodsi4.o)
 .text.libgcc.fmul
                0x00000000        0x0 c:/program files (x86)/atmel/studio/7.0/toolchain/avr8/avr8-gnu-toolchain/bin/../lib/gcc/avr/5.4.0/avr51\libgcc.a(_udivmodsi4.o)
 .text.libgcc.fixed
                0x00000000        0x0 c:/program files (x86)/atmel/studio/7.0/toolchain/avr8/avr8-gnu-toolchain/bin/../lib/gcc/avr/5.4.0/avr51\libgcc.a(_udivmodsi4.o)
 .text          0x00000000        0x0 c:/program files (x86)/atmel/studio/7.0/toolchain/avr8/avr8-gnu-toolchain/bin/../lib/gcc/avr/5.4.0/avr51\libgcc.a(_divmodsi4.o)
 .data          0x00000000        0x0 c:/program files (x86)/atmel/studio/7.0/toolchain/avr8/avr8-gnu-toolchain/bin/../lib/gcc/avr/5.4.0/avr51\libgcc.a(_divmodsi4.o)
 .bss           0x00000000        0x0 c:/program files (x86)/atmel/studio/7.0/toolchain/avr8/avr8-gnu-toolchain/bin/../lib/gcc/avr/5.4.0/avr51\libgcc.a(_divmodsi4.o)
 .text.libgcc.mul
                0x00000000        0x0 c:/program files (x86)/atmel/studio/7.0/toolchain/avr8/avr8-gnu-toolchain/bin/../lib/gcc/avr/5.4.0/avr51\libgcc.a(_divmodsi4.o)
 .text.libgcc.div
                0x00000000       0x2e c:/program files (x86)/atmel/studio/7.0/toolchain/avr8/avr8-gnu-toolchain/bin/../lib/gcc/avr/5.4.0/avr51\libgcc.a(_divmodsi4.o)
 .text.libgcc   0x00000000        0x0 c:/program files (x86)/atmel/studio/7.0/toolchain/avr8/avr8-gnu-toolchain/bin/../lib/gcc/avr/5.4.0/avr51\libgcc.a(_divmodsi4.o)
 .text.libgcc.prologue
                0x00000000        0x0 c:/program files (x86)/atmel/studio/7.0/toolchain/avr8/avr8-gnu-toolchain/bin/../lib/gcc/avr/5.4.0/avr51\libgcc.a(_divmodsi4.o)
 .text.libgcc.builtins
                0x00000000        0x0 c:/program files (x86)/atmel/studio/7.0/toolchain/avr8/avr8-gnu-toolchain/bin/../lib/gcc/avr/5.4.0/avr51\libgcc.a(_divmodsi4.o)
 .text.libgcc.fmul
                0x00000000        0x0 c:/program files (x86)/atmel/studio/7.0/toolchain/avr8/avr8-gnu-toolchain/bin/../lib/gcc/avr/5.4.0/avr51\libgcc.a(_divmodsi4.o)
 .text.libgcc.fixed
                0x00000000        0x0 c:/program files (x86)/atmel/studio/7.0/toolchain/avr8/avr8-gnu-toolchain/bin/../lib/gcc/avr/5.4.0/avr51\libgcc.a(_divmodsi4.o)
 .text          0x00000000        0x0 c:/program files (x86)/atmel/studio/7.0/toolchain/avr8/avr8-gnu-toolchain/bin/../lib/gcc/avr/5.4.0/avr51\libgcc.a(_negsi2.o)
 .data          0x00000000        0x0 c:/program files (x86)/atmel/studio/7.0/toolchain/avr8/avr8-gnu-toolchain/bin/../lib/gcc/avr/5.4.0/avr51\libgcc.a(_negsi2.o)
 .bss           0x00000000        0x0 c:/program files (x86)/atmel/studio/7.0/toolchain/avr8/avr8-gnu-toolchain/bin/../lib/gcc/avr/5.4.0/avr51\libgcc.a(_negsi2.o)
 .text.libgcc.mul
                0x00000000        0x0 c:/program files (x86)/atmel/studio/7.0/toolchain/avr8/avr8-gnu-toolchain/bin/../lib/gcc/avr/5.4.0/avr51\libgcc.a(_negsi2.o)
 .text.libgcc.div
                0x00000000       0x10 c:/program files (x86)/atmel/studio/7.0/toolchain/avr8/avr8-gnu-toolchain/bin/../lib/gcc/avr/5.4.0/avr51\libgcc.a(_negsi2.o)
 .text.libgcc   0x00000000        0x0 c:/program files (x86)/atmel/studio/7.0/toolchain/avr8/avr8-gnu-toolchain/bin/../lib/gcc/avr/5.4.0/avr51\libgcc.a(_negsi2.o)
 .text.libgcc.prologue
                0x00000000        0x0 c:/program files (x86)/atmel/studio/7.0/toolchain/avr8/avr8-gnu-toolchain/bin/../lib/gcc/avr/5.4.0/avr51\libgcc.a(_negsi2.o)
 .text.libgcc.builtins
                0x00000000        0x0 c:/program files (x86)/atmel/studio/7.0/toolchain/avr8/avr8-gnu-toolchain/bin/../lib/gcc/avr/5.4.0/avr51\libgcc.a(_negsi2.o)
 .text.libgcc.fmul
                0x00000000        0x0 c:/program files (x86)/atmel/studio/7.0/toolchain/avr8/avr8-gnu-toolchain/bin/../lib/gcc/avr/5.4.0/avr51\libgcc.a(_negsi2.o)
 .text.libgcc.fixed
                0x00000000        0x0 c:/program files (x86)/atmel/studio/7.0/toolchain/avr8/avr8-gnu-toolchain/bin/../lib/gcc/avr/5.4.0/avr51\libgcc.a(_negsi2.o)
 .text          0x00000000        0x0 c:/program files (x86)/atmel/studio/7.0/toolchain/avr8/avr8-gnu-toolchain/bin/../lib/gcc/avr/5.4.0/avr51\libgcc.a(_exit.o)
 .data          0x00000000        0x0 c:/program files (x86)/atmel/studio/7.0/toolchain/avr8/avr8-gnu-toolchain/bin/../lib/gcc/avr/5.4.0/avr51\libgcc.a(_exit.o)
 .bss           0x00000000        0x0 c:/program files (x86)/atmel/studio/7.0/toolchain/avr8/avr8-gnu-toolchain/bin/../lib/gcc/avr/5.4.0/avr51\libgcc.a(_exit.o)
 .text.libgcc.mul
                0x00000000        0x0 c:/program files (x86)/atmel/studio/7.0/toolchain/avr8/avr8-gnu-toolchain/bin/../lib/gcc/avr/5.4.0/avr51\libgcc.a(_exit.o)
 .text.libgcc.div
                0x00000000        0x0 c:/program files (x86)/atmel/studio/7.0/toolchain/avr8/avr8-gnu-toolchain/bin/../lib/gcc/avr/5.4.0/avr51\libgcc.a(_exit.o)
 .text.libgcc   0x00000000        0x0 c:/program files (x86)/atmel/studio/7.0/toolchain/avr8/avr8-gnu-toolchain/bin/../lib/gcc/avr/5.4.0/avr51\libgcc.a(_exit.o)
 .text.libgcc.prologue
                0x00000000        0x0 c:/program files (x86)/atmel/studio/7.0/toolchain/avr8/avr8-gnu-toolchain/bin/../lib/gcc/avr/5.4.0/avr51\libgcc.a(_exit.o)
 .text.libgcc.builtins
                0x00000000        0x0 c:/program files (x86)/atmel/studio/7.0/toolchain/avr8/avr8-gnu-toolchain/bin/../lib/gcc/avr/5.4.0/avr51\libgcc.a(_exit.o)
 .text.libgcc.fmul
                0x00000000        0x0 c:/program files (x86)/atmel/studio/7.0/toolchain/avr8/avr8-gnu-toolchain/bin/../lib/gcc/avr/5.4.0/avr51\libgcc.a(_exit.o)
 .text.libgcc.fixed
                0x00000000        0x0 c:/program files (x86)/atmel/studio/7.0/toolchain/avr8/avr8-gnu-toolchain/bin/../lib/gcc/avr/5.4.0/avr51\libgcc.a(_exit.o)
 .text          0x00000000        0x0 c:/program files (x86)/atmel/studio/7.0/toolchain/avr8/avr8-gnu-toolchain/bin/../lib/gcc/avr/5.4.0/avr51\libgcc.a(_copy_data.o)
 .data          0x00000000        0x0 c:/program files (x86)/atmel/studio/7.0/toolchain/avr8/avr8-gnu-toolchain/bin/../lib/gcc/avr/5.4.0/avr51\libgcc.a(_copy_data.o)
 .bss           0x00000000        0x0 c:/program files (x86)/atmel/studio/7.0/toolchain/avr8/avr8-gnu-toolchain/bin/../lib/gcc/avr/5.4.0/avr51\libgcc.a(_copy_data.o)
 .text.libgcc.mul
                0x00000000        0x0 c:/program files (x86)/atmel/studio/7.0/toolchain/avr8/avr8-gnu-toolchain/bin/../lib/gcc/avr/5.4.0/avr51\libgcc.a(_copy_data.o)
 .text.libgcc.div
                0x00000000        0x0 c:/program files (x86)/atmel/studio/7.0/toolchain/avr8/avr8-gnu-toolchain/bin/../lib/gcc/avr/5.4.0/avr51\libgcc.a(_copy_data.o)
 .text.libgcc   0x00000000        0x0 c:/program files (x86)/atmel/studio/7.0/toolchain/avr8/avr8-gnu-toolchain/bin/../lib/gcc/avr/5.4.0/avr51\libgcc.a(_copy_data.o)
 .text.libgcc.prologue
                0x00000000        0x0 c:/program files (x86)/atmel/studio/7.0/toolchain/avr8/avr8-gnu-toolchain/bin/../lib/gcc/avr/5.4.0/avr51\libgcc.a(_copy_data.o)
 .text.libgcc.builtins
                0x00000000        0x0 c:/program files (x86)/atmel/studio/7.0/toolchain/avr8/avr8-gnu-toolchain/bin/../lib/gcc/avr/5.4.0/avr51\libgcc.a(_copy_data.o)
 .text.libgcc.fmul
                0x00000000        0x0 c:/program files (x86)/atmel/studio/7.0/toolchain/avr8/avr8-gnu-toolchain/bin/../lib/gcc/avr/5.4.0/avr51\libgcc.a(_copy_data.o)
 .text.libgcc.fixed
                0x00000000        0x0 c:/program files (x86)/atmel/studio/7.0/toolchain/avr8/avr8-gnu-toolchain/bin/../lib/gcc/avr/5.4.0/avr51\libgcc.a(_copy_data.o)
 .text          0x00000000        0x0 c:/program files (x86)/atmel/studio/7.0/toolchain/avr8/avr8-gnu-toolchain/bin/../lib/gcc/avr/5.4.0/avr51\libgcc.a(_clear_bss.o)
 .data          0x00000000        0x0 c:/program files (x86)/atmel/studio/7.0/toolchain/avr8/avr8-gnu-toolchain/bin/../lib/gcc/avr/5.4.0/avr51\libgcc.a(_clear_bss.o)
 .bss           0x00000000        0x0 c:/program files (x86)/atmel/studio/7.0/toolchain/avr8/avr8-gnu-toolchain/bin/../lib/gcc/avr/5.4.0/avr51\libgcc.a(_clear_bss.o)
 .text.libgcc.mul
                0x00000000        0x0 c:/program files (x86)/atmel/studio/7.0/toolchain/avr8/avr8-gnu-toolchain/bin/../lib/gcc/avr/5.4.0/avr51\libgcc.a(_clear_bss.o)
 .text.libgcc.div
                0x00000000        0x0 c:/program files (x86)/atmel/studio/7.0/toolchain/avr8/avr8-gnu-toolchain/bin/../lib/gcc/avr/5.4.0/avr51\libgcc.a(_clear_bss.o)
 .text.libgcc   0x00000000        0x0 c:/program files (x86)/atmel/studio/7.0/toolchain/avr8/avr8-gnu-toolchain/bin/../lib/gcc/avr/5.4.0/avr51\libgcc.a(_clear_bss.o)
 .text.libgcc.prologue
                0x00000000        0x0 c:/program files (x86)/atmel/studio/7.0/toolchain/avr8/avr8-gnu-toolchain/bin/../lib/gcc/avr/5.4.0/avr51\libgcc.a(_clear_bss.o)
 .text.libgcc.builtins
                0x00000000        0x0 c:/program files (x86)/atmel/studio/7.0/toolchain/avr8/avr8-gnu-toolchain/bin/../lib/gcc/avr/5.4.0/avr51\libgcc.a(_clear_bss.o)
 .text.libgcc.fmul
                0x00000000        0x0 c:/program files (x86)/atmel/studio/7.0/toolchain/avr8/avr8-gnu-toolchain/bin/../lib/gcc/avr/5.4.0/avr51\libgcc.a(_clear_bss.o)
 .text.libgcc.fixed
                0x00000000        0x0 c:/program files (x86)/atmel/studio/7.0/toolchain/avr8/avr8-gnu-toolchain/bin/../lib/gcc/avr/5.4.0/avr51\libgcc.a(_clear_bss.o)

Memory Configuration

Name             Origin             Length             Attributes
text             0x00000000         0x00020000         xr
data             0x00800100         0x00001000         rw !x
eeprom           0x00810000         0x00001000         rw !x
fuse             0x00820000         0x00000003         rw !x
lock             0x00830000         0x00000400         rw !x
signature        0x00840000         0x00000400         rw !x
user_signatures  0x00850000         0x00000400         rw !x
*default*        0x00000000         0xffffffff

Linker script and memory map

Address of section .data set to 0x800100
LOAD C:/Program Files (x86)/Atmel/Studio/7.0/Packs/atmel/ATmega_DFP/1.7.374/gcc/dev/atmega128/avr51/crtatmega128.o
LOAD Apl/Apl_Init.o
LOAD Apl/Apl_mainControlTsk.o
LOAD Apl/Apl_MainTskIdle.o
LOAD Apl/Apl_TaskListMain.o
LOAD Apl/Crypto/aes128.o
LOAD Apl/Crypto/AES_CBC_Mode.o
LOAD Apl/Crypto/AES_ECB_Mode.o
LOAD Apl/floatToString.o
LOAD Apl/Network/Apl_uartFFSend.o
LOAD Apl/Network/Apl_uartSendFFWait.o
LOAD BSW/Bsw.o
LOAD BSW/BSW_UART.o
LOAD BSW/liquid_crystal_i2c.o
LOAD BSW/PHT_LCD16x2_4bit.o
LOAD main.o
LOAD MCAL/adc.o
LOAD MCAL/gpt.o
LOAD MCAL/i2c.o
LOAD MCAL/spi.o
LOAD MCAL/UART.o
START GROUP
LOAD c:/program files (x86)/atmel/studio/7.0/toolchain/avr8/avr8-gnu-toolchain/bin/../lib/gcc/avr/5.4.0/../../../../avr/lib/avr51\libm.a
END GROUP
START GROUP
LOAD c:/program files (x86)/atmel/studio/7.0/toolchain/avr8/avr8-gnu-toolchain/bin/../lib/gcc/avr/5.4.0/avr51\libgcc.a
LOAD c:/program files (x86)/atmel/studio/7.0/toolchain/avr8/avr8-gnu-toolchain/bin/../lib/gcc/avr/5.4.0/../../../../avr/lib/avr51\libm.a
LOAD c:/program files (x86)/atmel/studio/7.0/toolchain/avr8/avr8-gnu-toolchain/bin/../lib/gcc/avr/5.4.0/../../../../avr/lib/avr51\libc.a
LOAD C:/Program Files (x86)/Atmel/Studio/7.0/Packs/atmel/ATmega_DFP/1.7.374/gcc/dev/atmega128/avr51\libatmega128.a
END GROUP
                0x00000000                __TEXT_REGION_ORIGIN__ = DEFINED (__TEXT_REGION_ORIGIN__)?__TEXT_REGION_ORIGIN__:0x0
                [0x00800100]                __DATA_REGION_ORIGIN__ = DEFINED (__DATA_REGION_ORIGIN__)?__DATA_REGION_ORIGIN__:0x800100
                [0x00020000]                __TEXT_REGION_LENGTH__ = DEFINED (__TEXT_REGION_LENGTH__)?__TEXT_REGION_LENGTH__:0x20000
                [0x00001000]                __DATA_REGION_LENGTH__ = DEFINED (__DATA_REGION_LENGTH__)?__DATA_REGION_LENGTH__:0xff00
                [0x00001000]                __EEPROM_REGION_LENGTH__ = DEFINED (__EEPROM_REGION_LENGTH__)?__EEPROM_REGION_LENGTH__:0x10000
                [0x00000003]                __FUSE_REGION_LENGTH__ = DEFINED (__FUSE_REGION_LENGTH__)?__FUSE_REGION_LENGTH__:0x400
                0x00000400                __LOCK_REGION_LENGTH__ = DEFINED (__LOCK_REGION_LENGTH__)?__LOCK_REGION_LENGTH__:0x400
                0x00000400                __SIGNATURE_REGION_LENGTH__ = DEFINED (__SIGNATURE_REGION_LENGTH__)?__SIGNATURE_REGION_LENGTH__:0x400
                0x00000400                __USER_SIGNATURE_REGION_LENGTH__ = DEFINED (__USER_SIGNATURE_REGION_LENGTH__)?__USER_SIGNATURE_REGION_LENGTH__:0x400

.hash
 *(.hash)

.dynsym
 *(.dynsym)

.dynstr
 *(.dynstr)

.gnu.version
 *(.gnu.version)

.gnu.version_d
 *(.gnu.version_d)

.gnu.version_r
 *(.gnu.version_r)

.rel.init
 *(.rel.init)

.rela.init
 *(.rela.init)

.rel.text
 *(.rel.text)
 *(.rel.text.*)
 *(.rel.gnu.linkonce.t*)

.rela.text
 *(.rela.text)
 *(.rela.text.*)
 *(.rela.gnu.linkonce.t*)

.rel.fini
 *(.rel.fini)

.rela.fini
 *(.rela.fini)

.rel.rodata
 *(.rel.rodata)
 *(.rel.rodata.*)
 *(.rel.gnu.linkonce.r*)

.rela.rodata
 *(.rela.rodata)
 *(.rela.rodata.*)
 *(.rela.gnu.linkonce.r*)

.rel.data
 *(.rel.data)
 *(.rel.data.*)
 *(.rel.gnu.linkonce.d*)

.rela.data
 *(.rela.data)
 *(.rela.data.*)
 *(.rela.gnu.linkonce.d*)

.rel.ctors
 *(.rel.ctors)

.rela.ctors
 *(.rela.ctors)

.rel.dtors
 *(.rel.dtors)

.rela.dtors
 *(.rela.dtors)

.rel.got
 *(.rel.got)

.rela.got
 *(.rela.got)

.rel.bss
 *(.rel.bss)

.rela.bss
 *(.rela.bss)

.rel.plt
 *(.rel.plt)

.rela.plt
 *(.rela.plt)

.text           0x00000000      0x3de
 *(.vectors)
 .vectors       0x00000000       0x8c C:/Program Files (x86)/Atmel/Studio/7.0/Packs/atmel/ATmega_DFP/1.7.374/gcc/dev/atmega128/avr51/crtatmega128.o
                0x00000000                __vector_default
                0x00000000                __vectors
 *(.vectors)
 *(.progmem.gcc*)
                0x0000008c                . = ALIGN (0x2)
                0x0000008c                __trampolines_start = .
 *(.trampolines)
 .trampolines   0x0000008c        0x0 linker stubs
 *(.trampolines*)
                0x0000008c                __trampolines_end = .
 *libprintf_flt.a:*(.progmem.data)
 *libc.a:*(.progmem.data)
 *(.progmem*)
                0x0000008c                . = ALIGN (0x2)
 *(.jumptables)
 *(.jumptables*)
 *(.lowtext)
 *(.lowtext*)
                0x0000008c                __ctors_start = .
 *(.ctors)
                0x0000008c                __ctors_end = .
                0x0000008c                __dtors_start = .
 *(.dtors)
                0x0000008c                __dtors_end = .
 SORT(*)(.ctors)
 SORT(*)(.dtors)
 *(.init0)
 .init0         0x0000008c        0x0 C:/Program Files (x86)/Atmel/Studio/7.0/Packs/atmel/ATmega_DFP/1.7.374/gcc/dev/atmega128/avr51/crtatmega128.o
                0x0000008c                __init
 *(.init0)
 *(.init1)
 *(.init1)
 *(.init2)
 .init2         0x0000008c        0xc C:/Program Files (x86)/Atmel/Studio/7.0/Packs/atmel/ATmega_DFP/1.7.374/gcc/dev/atmega128/avr51/crtatmega128.o
 *(.init2)
 *(.init3)
 *(.init3)
 *(.init4)
 .init4         0x00000098       0x1a c:/program files (x86)/atmel/studio/7.0/toolchain/avr8/avr8-gnu-toolchain/bin/../lib/gcc/avr/5.4.0/avr51\libgcc.a(_copy_data.o)
                0x00000098                __do_copy_data
 .init4         0x000000b2       0x10 c:/program files (x86)/atmel/studio/7.0/toolchain/avr8/avr8-gnu-toolchain/bin/../lib/gcc/avr/5.4.0/avr51\libgcc.a(_clear_bss.o)
                0x000000b2                __do_clear_bss
 *(.init4)
 *(.init5)
 *(.init5)
 *(.init6)
 *(.init6)
 *(.init7)
 *(.init7)
 *(.init8)
 *(.init8)
 *(.init9)
 .init9         0x000000c2        0x4 C:/Program Files (x86)/Atmel/Studio/7.0/Packs/atmel/ATmega_DFP/1.7.374/gcc/dev/atmega128/avr51/crtatmega128.o
 *(.init9)
 *(.text)
 .text          0x000000c6        0x2 C:/Program Files (x86)/Atmel/Studio/7.0/Packs/atmel/ATmega_DFP/1.7.374/gcc/dev/atmega128/avr51/crtatmega128.o
                0x000000c6                __vector_22
                0x000000c6                __vector_28
                0x000000c6                __vector_1
                0x000000c6                __vector_32
                0x000000c6                __vector_34
                0x000000c6                __vector_24
                0x000000c6                __vector_12
                0x000000c6                __bad_interrupt
                0x000000c6                __vector_6
                0x000000c6                __vector_31
                0x000000c6                __vector_3
                0x000000c6                __vector_23
                0x000000c6                __vector_30
                0x000000c6                __vector_25
                0x000000c6                __vector_11
                0x000000c6                __vector_13
                0x000000c6                __vector_17
                0x000000c6                __vector_19
                0x000000c6                __vector_7
                0x000000c6                __vector_27
                0x000000c6                __vector_5
                0x000000c6                __vector_33
                0x000000c6                __vector_4
                0x000000c6                __vector_9
                0x000000c6                __vector_2
                0x000000c6                __vector_21
                0x000000c6                __vector_15
                0x000000c6                __vector_29
                0x000000c6                __vector_8
                0x000000c6                __vector_26
                0x000000c6                __vector_14
                0x000000c6                __vector_10
                0x000000c6                __vector_16
                0x000000c6                __vector_18
                0x000000c6                __vector_20
                0x000000c8                . = ALIGN (0x2)
 *(.text.*)
 .text.Apl_mainTaskStateInit
                0x000000c8        0xa Apl/Apl_Init.o
                0x000000c8                Apl_mainTaskStateInit
 .text.Apl_networkInit
                0x000000d2       0x1e Apl/Apl_Init.o
                0x000000d2                Apl_networkInit
 .text.Apl_Init
                0x000000f0        0x8 Apl/Apl_Init.o
                0x000000f0                Apl_Init
 .text.Apl_gpioChangeState
                0x000000f8       0x7a Apl/Apl_mainControlTsk.o
                0x000000f8                Apl_gpioChangeState
 .text.Apl_setEvt
                0x00000172       0x2e Apl/Apl_mainControlTsk.o
                0x00000172                Apl_setEvt
 .text.Apl_mainIdle_EvReqWrite
                0x000001a0        0x2 Apl/Apl_MainTskIdle.o
                0x000001a0                Apl_mainIdle_EvReqWrite
 .text.Apl_mainIdle_EvReqErase
                0x000001a2        0x2 Apl/Apl_MainTskIdle.o
                0x000001a2                Apl_mainIdle_EvReqErase
 .text.Apl_mainIdle_EvReqVerify
                0x000001a4        0x2 Apl/Apl_MainTskIdle.o
                0x000001a4                Apl_mainIdle_EvReqVerify
 .text.Apl_mainIdle_EvJob
                0x000001a6        0x2 Apl/Apl_MainTskIdle.o
                0x000001a6                Apl_mainIdle_EvJob
 .text.Apl_mainIdle_entry
                0x000001a8       0x32 Apl/Apl_MainTskIdle.o
                0x000001a8                Apl_mainIdle_entry
 .text.Apl_mainIdle_exit
                0x000001da        0x2 Apl/Apl_MainTskIdle.o
                0x000001da                Apl_mainIdle_exit
 .text.Apl_mainTask
                0x000001dc        0xa Apl/Apl_TaskListMain.o
                0x000001dc                Apl_mainTask
 .text.Apl_mainWriteWait_EvEndWrite
                0x000001e6        0x2 Apl/Network/Apl_uartFFSend.o
                0x000001e6                Apl_mainWriteWait_EvEndWrite
 .text.Apl_mainWriteWait_EvJob
                0x000001e8        0x2 Apl/Network/Apl_uartFFSend.o
                0x000001e8                Apl_mainWriteWait_EvJob
 .text.Apl_mainWriteWait_entry
                0x000001ea        0x2 Apl/Network/Apl_uartFFSend.o
                0x000001ea                Apl_mainWriteWait_entry
 .text.Apl_mainWriteWait_exit
                0x000001ec        0x2 Apl/Network/Apl_uartFFSend.o
                0x000001ec                Apl_mainWriteWait_exit
 .text.IO_Init  0x000001ee       0x14 BSW/Bsw.o
 .text.f_uartInit
                0x00000202        0xe BSW/Bsw.o
 .text.BSW_driverInit
                0x00000210        0xe BSW/Bsw.o
                0x00000210                BSW_driverInit
 .text.lcd_enable
                0x0000021e       0x16 BSW/PHT_LCD16x2_4bit.o
 .text.lcd_out  0x00000234       0x14 BSW/PHT_LCD16x2_4bit.o
 .text.lcd_command
                0x00000248       0x22 BSW/PHT_LCD16x2_4bit.o
                0x00000248                lcd_command
 .text.lcd_clear
                0x0000026a       0x10 BSW/PHT_LCD16x2_4bit.o
                0x0000026a                lcd_clear
 .text.lcd_init
                0x0000027a       0x68 BSW/PHT_LCD16x2_4bit.o
                0x0000027a                lcd_init
 .text.main     0x000002e2        0x6 main.o
                0x000002e2                main
 .text.f_setchanel
                0x000002e8        0x2 MCAL/adc.o
                0x000002e8                f_setchanel
 .text.f_adc_init
                0x000002ea        0xe MCAL/adc.o
                0x000002ea                f_adc_init
 .text.UART_SetBaudRate
                0x000002f8       0x70 MCAL/UART.o
                0x000002f8                UART_SetBaudRate
 .text.UART_Init
                0x00000368       0x2e MCAL/UART.o
                0x00000368                UART_Init
 .text.libgcc.div
                0x00000396       0x44 c:/program files (x86)/atmel/studio/7.0/toolchain/avr8/avr8-gnu-toolchain/bin/../lib/gcc/avr/5.4.0/avr51\libgcc.a(_udivmodsi4.o)
                0x00000396                __udivmodsi4
                0x000003da                . = ALIGN (0x2)
 *(.fini9)
 .fini9         0x000003da        0x0 c:/program files (x86)/atmel/studio/7.0/toolchain/avr8/avr8-gnu-toolchain/bin/../lib/gcc/avr/5.4.0/avr51\libgcc.a(_exit.o)
                0x000003da                _exit
                0x000003da                exit
 *(.fini9)
 *(.fini8)
 *(.fini8)
 *(.fini7)
 *(.fini7)
 *(.fini6)
 *(.fini6)
 *(.fini5)
 *(.fini5)
 *(.fini4)
 *(.fini4)
 *(.fini3)
 *(.fini3)
 *(.fini2)
 *(.fini2)
 *(.fini1)
 *(.fini1)
 *(.fini0)
 .fini0         0x000003da        0x4 c:/program files (x86)/atmel/studio/7.0/toolchain/avr8/avr8-gnu-toolchain/bin/../lib/gcc/avr/5.4.0/avr51\libgcc.a(_exit.o)
 *(.fini0)
                0x000003de                _etext = .

.data           0x00800100       0x24 load address 0x000003de
                0x00800100                PROVIDE (__data_start, .)
 *(.data)
 *(.data*)
 *(.gnu.linkonce.d*)
 *(.rodata)
 *(.rodata*)
 .rodata.Apl_stateMachine
                0x00800100       0x24 Apl/Apl_mainControlTsk.o
 *(.gnu.linkonce.r*)
                0x00800124                . = ALIGN (0x2)
                0x00800124                _edata = .
                0x00800124                PROVIDE (__data_end, .)

.bss            0x00800124        0x9
                0x00800124                PROVIDE (__bss_start, .)
 *(.bss)
 *(.bss*)
 *(COMMON)
 COMMON         0x00800124        0x9 Apl/Apl_Init.o
                0x00800124                Apl_BufferWrite
                0x00800128                Apl_BufferRead
                0x0080012c                Apl_gpioCurrentSts
                0x0080012d                PROVIDE (__bss_end, .)
                0x000003de                __data_load_start = LOADADDR (.data)
                0x00000402                __data_load_end = (__data_load_start + SIZEOF (.data))

.noinit         0x0080012d        0x0
                [!provide]                PROVIDE (__noinit_start, .)
 *(.noinit*)
                [!provide]                PROVIDE (__noinit_end, .)
                0x0080012d                _end = .
                [!provide]                PROVIDE (__heap_start, .)

.eeprom         0x00810000        0x0
 *(.eeprom*)
                0x00810000                __eeprom_end = .

.fuse
 *(.fuse)
 *(.lfuse)
 *(.hfuse)
 *(.efuse)

.lock
 *(.lock*)

.signature
 *(.signature*)

.user_signatures
 *(.user_signatures*)

.stab
 *(.stab)

.stabstr
 *(.stabstr)

.stab.excl
 *(.stab.excl)

.stab.exclstr
 *(.stab.exclstr)

.stab.index
 *(.stab.index)

.stab.indexstr
 *(.stab.indexstr)

.comment        0x00000000       0x30
 *(.comment)
 .comment       0x00000000       0x30 Apl/Apl_Init.o
                                 0x31 (size before relaxing)
 .comment       0x00000030       0x31 Apl/Apl_mainControlTsk.o
 .comment       0x00000030       0x31 Apl/Apl_MainTskIdle.o
 .comment       0x00000030       0x31 Apl/Apl_TaskListMain.o
 .comment       0x00000030       0x31 Apl/Network/Apl_uartFFSend.o
 .comment       0x00000030       0x31 BSW/Bsw.o
 .comment       0x00000030       0x31 BSW/PHT_LCD16x2_4bit.o
 .comment       0x00000030       0x31 main.o
 .comment       0x00000030       0x31 MCAL/adc.o
 .comment       0x00000030       0x31 MCAL/UART.o

.note.gnu.avr.deviceinfo
                0x00000000       0x3c
 .note.gnu.avr.deviceinfo
                0x00000000       0x3c C:/Program Files (x86)/Atmel/Studio/7.0/Packs/atmel/ATmega_DFP/1.7.374/gcc/dev/atmega128/avr51/crtatmega128.o

.note.gnu.build-id
 *(.note.gnu.build-id)

.debug
 *(.debug)

.line
 *(.line)

.debug_srcinfo
 *(.debug_srcinfo)

.debug_sfnames
 *(.debug_sfnames)

.debug_aranges  0x00000000      0x220
 *(.debug_aranges)
 .debug_aranges
                0x00000000       0x30 Apl/Apl_Init.o
 .debug_aranges
                0x00000030       0x30 Apl/Apl_mainControlTsk.o
 .debug_aranges
                0x00000060       0x48 Apl/Apl_MainTskIdle.o
 .debug_aranges
                0x000000a8       0x20 Apl/Apl_TaskListMain.o
 .debug_aranges
                0x000000c8       0x38 Apl/Network/Apl_uartFFSend.o
 .debug_aranges
                0x00000100       0x30 BSW/Bsw.o
 .debug_aranges
                0x00000130       0x68 BSW/PHT_LCD16x2_4bit.o
 .debug_aranges
                0x00000198       0x20 main.o
 .debug_aranges
                0x000001b8       0x30 MCAL/adc.o
 .debug_aranges
                0x000001e8       0x38 MCAL/UART.o

.debug_pubnames
 *(.debug_pubnames)

.debug_info     0x00000000     0x1c31
 *(.debug_info .gnu.linkonce.wi.*)
 .debug_info    0x00000000      0x780 C:/Program Files (x86)/Atmel/Studio/7.0/Packs/atmel/ATmega_DFP/1.7.374/gcc/dev/atmega128/avr51/crtatmega128.o
 .debug_info    0x00000780      0x175 Apl/Apl_Init.o
 .debug_info    0x000008f5      0x1f5 Apl/Apl_mainControlTsk.o
 .debug_info    0x00000aea      0x2b8 Apl/Apl_MainTskIdle.o
 .debug_info    0x00000da2      0x116 Apl/Apl_TaskListMain.o
 .debug_info    0x00000eb8      0x12b Apl/Network/Apl_uartFFSend.o
 .debug_info    0x00000fe3      0x1f5 BSW/Bsw.o
 .debug_info    0x000011d8      0x667 BSW/PHT_LCD16x2_4bit.o
 .debug_info    0x0000183f      0x131 main.o
 .debug_info    0x00001970      0x114 MCAL/adc.o
 .debug_info    0x00001a84      0x1ad MCAL/UART.o

.debug_abbrev   0x00000000      0xfd4
 *(.debug_abbrev)
 .debug_abbrev  0x00000000      0x718 C:/Program Files (x86)/Atmel/Studio/7.0/Packs/atmel/ATmega_DFP/1.7.374/gcc/dev/atmega128/avr51/crtatmega128.o
 .debug_abbrev  0x00000718       0xc9 Apl/Apl_Init.o
 .debug_abbrev  0x000007e1      0x11a Apl/Apl_mainControlTsk.o
 .debug_abbrev  0x000008fb      0x112 Apl/Apl_MainTskIdle.o
 .debug_abbrev  0x00000a0d       0x9a Apl/Apl_TaskListMain.o
 .debug_abbrev  0x00000aa7       0x6f Apl/Network/Apl_uartFFSend.o
 .debug_abbrev  0x00000b16       0xef BSW/Bsw.o
 .debug_abbrev  0x00000c05      0x1af BSW/PHT_LCD16x2_4bit.o
 .debug_abbrev  0x00000db4       0x9f main.o
 .debug_abbrev  0x00000e53       0xa8 MCAL/adc.o
 .debug_abbrev  0x00000efb       0xd9 MCAL/UART.o

.debug_line     0x00000000      0xea1
 *(.debug_line .debug_line.* .debug_line_end)
 .debug_line    0x00000000      0x16a C:/Program Files (x86)/Atmel/Studio/7.0/Packs/atmel/ATmega_DFP/1.7.374/gcc/dev/atmega128/avr51/crtatmega128.o
 .debug_line    0x0000016a       0xea Apl/Apl_Init.o
 .debug_line    0x00000254      0x109 Apl/Apl_mainControlTsk.o
 .debug_line    0x0000035d      0x1b8 Apl/Apl_MainTskIdle.o
 .debug_line    0x00000515       0x9e Apl/Apl_TaskListMain.o
 .debug_line    0x000005b3       0x9d Apl/Network/Apl_uartFFSend.o
 .debug_line    0x00000650      0x161 BSW/Bsw.o
 .debug_line    0x000007b1      0x366 BSW/PHT_LCD16x2_4bit.o
 .debug_line    0x00000b17       0xad main.o
 .debug_line    0x00000bc4      0x10b MCAL/adc.o
 .debug_line    0x00000ccf      0x1d2 MCAL/UART.o

.debug_frame    0x00000000      0x368
 *(.debug_frame)
 .debug_frame   0x00000000       0x44 Apl/Apl_Init.o
 .debug_frame   0x00000044       0x50 Apl/Apl_mainControlTsk.o
 .debug_frame   0x00000094       0x74 Apl/Apl_MainTskIdle.o
 .debug_frame   0x00000108       0x24 Apl/Apl_TaskListMain.o
 .debug_frame   0x0000012c       0x54 Apl/Network/Apl_uartFFSend.o
 .debug_frame   0x00000180       0x44 BSW/Bsw.o
 .debug_frame   0x000001c4       0xe0 BSW/PHT_LCD16x2_4bit.o
 .debug_frame   0x000002a4       0x24 main.o
 .debug_frame   0x000002c8       0x44 MCAL/adc.o
 .debug_frame   0x0000030c       0x5c MCAL/UART.o

.debug_str      0x00000000      0x87d
 *(.debug_str)
 .debug_str     0x00000000      0x27d C:/Program Files (x86)/Atmel/Studio/7.0/Packs/atmel/ATmega_DFP/1.7.374/gcc/dev/atmega128/avr51/crtatmega128.o
 .debug_str     0x0000027d      0x1dc Apl/Apl_Init.o
                                0x210 (size before relaxing)
 .debug_str     0x00000459       0x8a Apl/Apl_mainControlTsk.o
                                0x24a (size before relaxing)
 .debug_str     0x000004e3       0xe6 Apl/Apl_MainTskIdle.o
                                0x2af (size before relaxing)
 .debug_str     0x000005c9       0x27 Apl/Apl_TaskListMain.o
                                0x1f0 (size before relaxing)
 .debug_str     0x000005f0       0x84 Apl/Network/Apl_uartFFSend.o
                                0x1ff (size before relaxing)
 .debug_str     0x00000674       0xb1 BSW/Bsw.o
                                0x242 (size before relaxing)
 .debug_str     0x00000725       0xa0 BSW/PHT_LCD16x2_4bit.o
                                0x279 (size before relaxing)
 .debug_str     0x000007c5       0x11 main.o
                                0x1dc (size before relaxing)
 .debug_str     0x000007d6       0x22 MCAL/adc.o
                                0x1c9 (size before relaxing)
 .debug_str     0x000007f8       0x85 MCAL/UART.o
                                0x218 (size before relaxing)

.debug_loc      0x00000000      0x8dc
 *(.debug_loc)
 .debug_loc     0x00000000       0xbe Apl/Apl_mainControlTsk.o
 .debug_loc     0x000000be       0xb4 Apl/Apl_MainTskIdle.o
 .debug_loc     0x00000172      0x550 BSW/PHT_LCD16x2_4bit.o
 .debug_loc     0x000006c2       0x22 MCAL/adc.o
 .debug_loc     0x000006e4      0x1f8 MCAL/UART.o

.debug_macinfo
 *(.debug_macinfo)

.debug_weaknames
 *(.debug_weaknames)

.debug_funcnames
 *(.debug_funcnames)

.debug_typenames
 *(.debug_typenames)

.debug_varnames
 *(.debug_varnames)

.debug_pubtypes
 *(.debug_pubtypes)

.debug_ranges   0x00000000      0x180
 *(.debug_ranges)
 .debug_ranges  0x00000000       0x20 Apl/Apl_Init.o
 .debug_ranges  0x00000020       0x20 Apl/Apl_mainControlTsk.o
 .debug_ranges  0x00000040       0x38 Apl/Apl_MainTskIdle.o
 .debug_ranges  0x00000078       0x10 Apl/Apl_TaskListMain.o
 .debug_ranges  0x00000088       0x28 Apl/Network/Apl_uartFFSend.o
 .debug_ranges  0x000000b0       0x20 BSW/Bsw.o
 .debug_ranges  0x000000d0       0x58 BSW/PHT_LCD16x2_4bit.o
 .debug_ranges  0x00000128       0x10 main.o
 .debug_ranges  0x00000138       0x20 MCAL/adc.o
 .debug_ranges  0x00000158       0x28 MCAL/UART.o

.debug_macro
 *(.debug_macro)
OUTPUT(AVR128_AUTOSAR.elf elf32-avr)
LOAD linker stubs
